###############################################################################
#
# IAR ELF Linker V9.30.1.335/W64 for ARM                  11/Mar/2023  22:53:38
# Copyright 2007-2022 IAR Systems AB.
#
#    Output file  =
#        C:\Users\Eldeeb\Downloads\Moataz\EmbeddedSystems\ProjectWithTiva\Debug\Exe\ProjectWithTiva.out
#    Map file     =
#        C:\Users\Eldeeb\Downloads\Moataz\EmbeddedSystems\ProjectWithTiva\Debug\List\ProjectWithTiva.map
#    Command line =
#        -f
#        C:\Users\Eldeeb\Downloads\Moataz\EmbeddedSystems\ProjectWithTiva\Debug\Exe\ProjectWithTiva.out.rsp
#        (C:\Users\Eldeeb\Downloads\Moataz\EmbeddedSystems\ProjectWithTiva\Debug\Obj\DIO.o
#        C:\Users\Eldeeb\Downloads\Moataz\EmbeddedSystems\ProjectWithTiva\Debug\Obj\main.o
#        C:\Users\Eldeeb\Downloads\Moataz\EmbeddedSystems\ProjectWithTiva\Debug\Obj\myOS.o
#        C:\Users\Eldeeb\Downloads\Moataz\EmbeddedSystems\ProjectWithTiva\Debug\Obj\startup_ewarm.o
#        --no_out_extension -o
#        C:\Users\Eldeeb\Downloads\Moataz\EmbeddedSystems\ProjectWithTiva\Debug\Exe\ProjectWithTiva.out
#        --redirect _Printf=_PrintfFullNoMb --redirect _Scanf=_ScanfFullNoMb
#        --map
#        C:\Users\Eldeeb\Downloads\Moataz\EmbeddedSystems\ProjectWithTiva\Debug\List\ProjectWithTiva.map
#        --config "C:\Program Files\IAR Systems\Embedded Workbench
#        9.1\arm/config/linker/TexasInstruments/TM4C123GH6.icf" --semihosting
#        C:\ti\TivaWare_C_Series-2.2.0.295\driverlib\ewarm\Exe\driverlib.a
#        --entry __iar_program_start --vfe --text_out locale --cpu=Cortex-M4
#        --fpu=VFPv4_sp)
#
###############################################################################

*******************************************************************************
*** RUNTIME MODEL ATTRIBUTES
***

CppFlavor       = *
__CPP_Runtime   = 1
__SystemLibrary = DLib
__dlib_version  = 6


*******************************************************************************
*** HEAP SELECTION
***

The basic heap was selected because --advanced_heap
was not specified and the application did not appear to
be primarily optimized for speed.


*******************************************************************************
*** PLACEMENT SUMMARY
***

"A0":  place at address 0x0 { ro section .intvec };
"P1":  place in [from 0x0 to 0x3'ffff] { ro };
define block CSTACK with size = 4K, alignment = 8 { };
define block HEAP with size = 8K, alignment = 8 { };
"P2":  place in [from 0x2000'0000 to 0x2000'7fff] {
          rw, block CSTACK, block HEAP };
do not initialize { rw section .noinit };
initialize by copy { rw };

  Section            Kind         Address   Size  Object
  -------            ----         -------   ----  ------
"A0":                                      0x26c
  .intvec            const            0x0  0x26c  startup_ewarm.o [1]
                                  - 0x26c  0x26c

"P1":                                      0x374
  .text              ro code        0x26c  0x160  main.o [1]
  .text              ro code        0x3cc   0xf4  myOS.o [1]
  .text              ro code        0x4c0   0x3a  packbits_init_single.o [4]
  .text              ro code        0x4fc   0x28  data_init.o [4]
  .text              ro code        0x524   0x22  fpinit_M.o [3]
  .iar.init_table    const          0x548   0x10  - Linker created -
  .text              ro code        0x558   0x1e  startup_ewarm.o [1]
  .text              ro code        0x578   0x1c  cstartup_M.o [4]
  .text              ro code        0x594   0x1e  cmain.o [4]
  .text              ro code        0x5b2    0x4  low_level_init.o [2]
  .text              ro code        0x5b6    0x4  exit.o [2]
  .text              ro code        0x5bc    0xa  cexit.o [4]
  .text              ro code        0x5c8   0x14  exit.o [5]
  .rodata            const          0x5dc    0x0  packbits_init_single.o [4]
  Initializer bytes  const          0x5dc    0x4  <for P2-1>
                                  - 0x5e0  0x374

"P2", part 1 of 2:                          0x30
  P2-1                        0x2000'0000   0x30  <Init block>
    .data            inited   0x2000'0000    0x4  main.o [1]
    .bss             inited   0x2000'0004    0x4  main.o [1]
    .bss             inited   0x2000'0008   0x24  main.o [1]
    .bss             inited   0x2000'002c    0x4  main.o [1]
                            - 0x2000'0030   0x30

"P2", part 2 of 2:                         0x200
  .noinit            uninit   0x2000'0030  0x200  startup_ewarm.o [1]
                            - 0x2000'0230  0x200

Unused ranges:

         From           To      Size
         ----           --      ----
        0x5e0     0x3'ffff  0x3'fa20
  0x2000'0230  0x2000'7fff    0x7dd0


*******************************************************************************
*** INIT TABLE
***

          Address      Size
          -------      ----
Copy/packbits (__iar_packbits_init_single3)
    1 source range, total size 0x4 (8% of destination):
                0x5dc   0x4
    1 destination range, total size 0x30:
          0x2000'0000  0x30



*******************************************************************************
*** MODULE SUMMARY
***

    Module                  ro code  ro data  rw data
    ------                  -------  -------  -------
command line/config:
    -------------------------------------------------
    Total:

C:\Users\Eldeeb\Downloads\Moataz\EmbeddedSystems\ProjectWithTiva\Debug\Obj: [1]
    main.o                      352        4       48
    myOS.o                      244
    startup_ewarm.o              30      620      512
    -------------------------------------------------
    Total:                      626      624      560

dl7M_tln.a: [2]
    exit.o                        4
    low_level_init.o              4
    -------------------------------------------------
    Total:                        8

m7M_tls.a: [3]
    fpinit_M.o                   34
    -------------------------------------------------
    Total:                       34

rt7M_tl.a: [4]
    cexit.o                      10
    cmain.o                      30
    cstartup_M.o                 28
    data_init.o                  40
    packbits_init_single.o       58
    -------------------------------------------------
    Total:                      166

shb_l.a: [5]
    exit.o                       20
    -------------------------------------------------
    Total:                       20

    Gaps                          8        2
    Linker created                        16
-----------------------------------------------------
    Grand Total:                862      642      560


*******************************************************************************
*** ENTRY LIST
***

Entry                       Address   Size  Type      Object
-----                       -------   ----  ----      ------
.iar.init_table$$Base         0x548          --   Gb  - Linker created -
.iar.init_table$$Limit        0x558          --   Gb  - Linker created -
?main                         0x595         Code  Gb  cmain.o [4]
FaultISR                      0x573    0x2  Code  Lc  startup_ewarm.o [1]
IntDefaultHandler             0x575    0x2  Code  Lc  startup_ewarm.o [1]
NmiSR                         0x571    0x2  Code  Lc  startup_ewarm.o [1]
OS_sched                      0x43d   0x7c  Code  Gb  myOS.o [1]
Region$$Table$$Base           0x548          --   Gb  - Linker created -
Region$$Table$$Limit          0x558          --   Gb  - Linker created -
ResetISR                      0x559   0x12  Code  Gb  startup_ewarm.o [1]
Systick_Handler               0x26d    0xa  Code  Gb  main.o [1]
Task_no                 0x2000'0008   0x24  Data  Gb  main.o [1]
__cmain                       0x595         Code  Gb  cmain.o [4]
__exit                        0x5c9   0x14  Code  Gb  exit.o [5]
__iar_data_init3              0x4fd   0x28  Code  Gb  data_init.o [4]
__iar_init_vfp                0x525         Code  Gb  fpinit_M.o [3]
__iar_packbits_init_single3
                              0x4c1   0x3a  Code  Gb  packbits_init_single.o [4]
__iar_program_start           0x579         Code  Gb  cstartup_M.o [4]
__low_level_init              0x5b3    0x4  Code  Gb  low_level_init.o [2]
__vector_table                  0x0  0x26c  Data  Gb  startup_ewarm.o [1]
_call_main                    0x5a1         Code  Gb  cmain.o [4]
_exit                         0x5bd         Code  Gb  cexit.o [4]
blink1                        0x279   0x42  Code  Gb  main.o [1]
blink2                        0x2bd   0x42  Code  Gb  main.o [1]
blink3                        0x301   0x42  Code  Gb  main.o [1]
exit                          0x5b7    0x4  Code  Gb  exit.o [2]
main                          0x345   0x52  Code  Gb  main.o [1]
pui32Stack              0x2000'0030  0x200  Data  Lc  startup_ewarm.o [1]
sort_tasks                    0x3cd   0x70  Code  Gb  myOS.o [1]
start                   0x2000'0004    0x4  Data  Gb  main.o [1]
ticks                   0x2000'0000    0x4  Data  Gb  main.o [1]
ticks_control           0x2000'002c    0x4  Data  Gb  main.o [1]


[1] = C:\Users\Eldeeb\Downloads\Moataz\EmbeddedSystems\ProjectWithTiva\Debug\Obj
[2] = dl7M_tln.a
[3] = m7M_tls.a
[4] = rt7M_tl.a
[5] = shb_l.a

  862 bytes of readonly  code memory
  642 bytes of readonly  data memory
  560 bytes of readwrite data memory

Errors: none
Warnings: none
